nohup: les entrées sont ignorées
Watching for file changes with StatReloader
Method Not Allowed: /api/users/auth/login/
[11/Jan/2026 02:19:02] "GET /api/users/auth/login/ HTTP/1.1" 405 40
[11/Jan/2026 02:19:18] "POST /api/users/auth/login/ HTTP/1.1" 200 491
[11/Jan/2026 02:19:18] "GET /api/users/me/ HTTP/1.1" 200 146
[11/Jan/2026 02:19:18] "GET /api/users/me/ HTTP/1.1" 200 146
[11/Jan/2026 02:19:19] "GET /api/sales/commandes/?client=12 HTTP/1.1" 200 516
[11/Jan/2026 02:19:42] "GET /api/users/me/ HTTP/1.1" 200 146
[11/Jan/2026 02:19:42] "POST /api/sales/commandes/ HTTP/1.1" 201 255
[11/Jan/2026 02:19:46] "GET /api/users/me/ HTTP/1.1" 200 146
[11/Jan/2026 02:19:46] "GET /api/users/clients/ HTTP/1.1" 200 342
Bad Request: /api/users/auth/logout/
[11/Jan/2026 02:19:48] "POST /api/users/auth/logout/ HTTP/1.1" 400 0
[11/Jan/2026 02:19:59] "POST /api/users/auth/login/ HTTP/1.1" 200 491
[11/Jan/2026 02:20:00] "GET /api/users/me/ HTTP/1.1" 200 145
[11/Jan/2026 02:20:00] "GET /api/users/me/ HTTP/1.1" 200 145
[11/Jan/2026 02:20:00] "GET /api/logistics/tournees/?active=true HTTP/1.1" 200 131
[11/Jan/2026 02:20:00] "GET /api/sales/livraisons/ HTTP/1.1" 200 156
[11/Jan/2026 02:20:04] "GET /api/users/me/ HTTP/1.1" 200 145
[11/Jan/2026 02:20:04] "GET /api/sales/livraisons/ HTTP/1.1" 200 156
[11/Jan/2026 02:20:04] "GET /api/sales/commandes/?agent=13 HTTP/1.1" 200 772
[11/Jan/2026 02:20:04] "GET /api/sales/commandes/?statut=pending HTTP/1.1" 200 772
[11/Jan/2026 02:20:09] "GET /api/logistics/agents/locations/ HTTP/1.1" 200 2
[11/Jan/2026 02:20:14] "GET /api/logistics/agents/locations/ HTTP/1.1" 200 2
[11/Jan/2026 02:20:19] "GET /api/logistics/agents/locations/ HTTP/1.1" 200 2
[11/Jan/2026 02:20:24] "GET /api/logistics/agents/locations/ HTTP/1.1" 200 2
[11/Jan/2026 02:20:29] "GET /api/logistics/agents/locations/ HTTP/1.1" 200 2
[11/Jan/2026 02:20:34] "GET /api/logistics/agents/locations/ HTTP/1.1" 200 2
[11/Jan/2026 02:20:39] "GET /api/logistics/agents/locations/ HTTP/1.1" 200 2
[11/Jan/2026 02:20:44] "GET /api/logistics/agents/locations/ HTTP/1.1" 200 2
[11/Jan/2026 02:20:49] "GET /api/logistics/agents/locations/ HTTP/1.1" 200 2
[11/Jan/2026 02:20:54] "GET /api/logistics/agents/locations/ HTTP/1.1" 200 2
[11/Jan/2026 02:20:59] "GET /api/logistics/agents/locations/ HTTP/1.1" 200 2
[11/Jan/2026 02:21:04] "GET /api/logistics/agents/locations/ HTTP/1.1" 200 2
[11/Jan/2026 02:21:09] "GET /api/logistics/agents/locations/ HTTP/1.1" 200 2
[11/Jan/2026 02:21:14] "GET /api/logistics/agents/locations/ HTTP/1.1" 200 2
[11/Jan/2026 02:21:19] "GET /api/logistics/agents/locations/ HTTP/1.1" 200 2
[11/Jan/2026 02:21:24] "GET /api/logistics/agents/locations/ HTTP/1.1" 200 2
[11/Jan/2026 02:24:25] "GET /api/users/me/ HTTP/1.1" 200 151
[11/Jan/2026 02:24:25] "GET /api/users/me/ HTTP/1.1" 200 151
[11/Jan/2026 02:24:41] "POST /api/users/auth/login/ HTTP/1.1" 200 489
[11/Jan/2026 02:24:46] "GET /api/dashboard/stats/ HTTP/1.1" 200 376
[11/Jan/2026 02:24:46] "GET /api/users/me/ HTTP/1.1" 200 151
[11/Jan/2026 02:24:46] "GET /api/dashboard/stats/ HTTP/1.1" 200 376
[11/Jan/2026 02:24:46] "GET /api/users/me/ HTTP/1.1" 200 151
[11/Jan/2026 02:24:46] "GET /api/dashboard/stats/ HTTP/1.1" 200 376
[11/Jan/2026 02:24:46] "GET /api/users/agents/ HTTP/1.1" 200 748
[11/Jan/2026 02:24:46] "GET /api/sales/livraisons/ HTTP/1.1" 200 156
[11/Jan/2026 02:24:46] "GET /api/users/agents/ HTTP/1.1" 200 748
[11/Jan/2026 02:24:46] "GET /api/users/agents/ HTTP/1.1" 200 748
[11/Jan/2026 02:24:46] "GET /api/sales/livraisons/ HTTP/1.1" 200 156
[11/Jan/2026 02:24:46] "GET /api/users/agents/ HTTP/1.1" 200 748
[11/Jan/2026 02:24:46] "GET /api/users/agents/ HTTP/1.1" 200 748
[11/Jan/2026 02:24:46] "GET /api/users/agents/ HTTP/1.1" 200 748
[11/Jan/2026 02:24:46] "GET /api/users/agents/ HTTP/1.1" 200 748
[11/Jan/2026 02:24:46] "GET /api/users/agents/ HTTP/1.1" 200 748
[11/Jan/2026 02:24:46] "GET /api/users/agents/ HTTP/1.1" 200 748
[11/Jan/2026 02:24:46] "GET /api/users/agents/ HTTP/1.1" 200 748
[11/Jan/2026 02:24:47] "GET /api/users/agents/ HTTP/1.1" 200 748
[11/Jan/2026 02:24:47] "GET /api/users/agents/ HTTP/1.1" 200 748
[11/Jan/2026 02:24:47] "GET /api/users/agents/ HTTP/1.1" 200 748
[11/Jan/2026 02:24:47] "GET /api/users/agents/ HTTP/1.1" 200 748
[11/Jan/2026 02:24:47] "GET /api/users/agents/ HTTP/1.1" 200 748
[11/Jan/2026 02:24:47] "GET /api/users/agents/ HTTP/1.1" 200 748
[11/Jan/2026 02:24:47] "GET /api/users/agents/ HTTP/1.1" 200 748
[11/Jan/2026 02:24:47] "GET /api/users/agents/ HTTP/1.1" 200 748
[11/Jan/2026 02:24:47] "GET /api/users/agents/ HTTP/1.1" 200 748
[11/Jan/2026 02:24:47] "GET /api/users/agents/ HTTP/1.1" 200 748
[11/Jan/2026 02:24:47] "GET /api/users/agents/ HTTP/1.1" 200 748
[11/Jan/2026 02:24:47] "GET /api/users/agents/ HTTP/1.1" 200 748
[11/Jan/2026 02:24:47] "GET /api/users/agents/ HTTP/1.1" 200 748
[11/Jan/2026 02:24:47] "GET /api/users/agents/ HTTP/1.1" 200 748
[11/Jan/2026 02:24:47] "GET /api/users/agents/ HTTP/1.1" 200 748
[11/Jan/2026 02:24:47] "GET /api/users/agents/ HTTP/1.1" 200 748
[11/Jan/2026 02:24:47] "GET /api/users/agents/ HTTP/1.1" 200 748
[11/Jan/2026 02:24:47] "GET /api/users/agents/ HTTP/1.1" 200 748
[11/Jan/2026 02:24:47] "GET /api/users/agents/ HTTP/1.1" 200 748
[11/Jan/2026 02:24:47] "GET /api/users/agents/ HTTP/1.1" 200 748
[11/Jan/2026 02:24:47] "GET /api/users/agents/ HTTP/1.1" 200 748
[11/Jan/2026 02:24:47] "GET /api/users/agents/ HTTP/1.1" 200 748
[11/Jan/2026 02:24:47] "GET /api/users/agents/ HTTP/1.1" 200 748
[11/Jan/2026 02:24:47] "GET /api/users/agents/ HTTP/1.1" 200 748
[11/Jan/2026 02:24:47] "GET /api/users/agents/ HTTP/1.1" 200 748
[11/Jan/2026 02:24:47] "GET /api/users/agents/ HTTP/1.1" 200 748
[11/Jan/2026 02:24:47] "GET /api/users/agents/ HTTP/1.1" 200 748
[11/Jan/2026 02:24:48] "GET /api/users/agents/ HTTP/1.1" 200 748
[11/Jan/2026 02:24:48] "GET /api/users/agents/ HTTP/1.1" 200 748
[11/Jan/2026 02:24:48] "GET /api/users/agents/ HTTP/1.1" 200 748
[11/Jan/2026 02:24:48] "GET /api/users/agents/ HTTP/1.1" 200 748
[11/Jan/2026 02:24:48] "GET /api/users/agents/ HTTP/1.1" 200 748
[11/Jan/2026 02:24:48] "GET /api/users/agents/ HTTP/1.1" 200 748
[11/Jan/2026 02:24:48] "GET /api/users/agents/ HTTP/1.1" 200 748
[11/Jan/2026 02:24:48] "GET /api/users/agents/ HTTP/1.1" 200 748
[11/Jan/2026 02:24:48] "GET /api/users/agents/ HTTP/1.1" 200 748
[11/Jan/2026 02:24:48] "GET /api/users/agents/ HTTP/1.1" 200 748
[11/Jan/2026 02:24:48] "GET /api/users/agents/ HTTP/1.1" 200 748
[11/Jan/2026 02:24:48] "GET /api/users/agents/ HTTP/1.1" 200 748
[11/Jan/2026 02:24:48] "GET /api/users/agents/ HTTP/1.1" 200 748
[11/Jan/2026 02:24:48] "GET /api/users/agents/ HTTP/1.1" 200 748
[11/Jan/2026 02:24:48] "GET /api/users/agents/ HTTP/1.1" 200 748
[11/Jan/2026 02:24:48] "GET /api/users/agents/ HTTP/1.1" 200 748
[11/Jan/2026 02:24:48] "GET /api/users/agents/ HTTP/1.1" 200 748
[11/Jan/2026 02:24:48] "GET /api/users/agents/ HTTP/1.1" 200 748
[11/Jan/2026 02:24:48] "GET /api/users/agents/ HTTP/1.1" 200 748
[11/Jan/2026 02:24:48] "GET /api/users/agents/ HTTP/1.1" 200 748
[11/Jan/2026 02:24:48] "GET /api/users/agents/ HTTP/1.1" 200 748
[11/Jan/2026 02:24:48] "GET /api/users/agents/ HTTP/1.1" 200 748
[11/Jan/2026 02:24:48] "GET /api/users/agents/ HTTP/1.1" 200 748
[11/Jan/2026 02:24:48] "GET /api/users/agents/ HTTP/1.1" 200 748
[11/Jan/2026 02:24:48] "GET /api/users/agents/ HTTP/1.1" 200 748
[11/Jan/2026 02:24:48] "GET /api/users/agents/ HTTP/1.1" 200 748
[11/Jan/2026 02:24:48] "GET /api/users/agents/ HTTP/1.1" 200 748
[11/Jan/2026 02:24:48] "GET /api/users/agents/ HTTP/1.1" 200 748
[11/Jan/2026 02:24:48] "GET /api/users/agents/ HTTP/1.1" 200 748
[11/Jan/2026 02:24:48] "GET /api/users/agents/ HTTP/1.1" 200 748
[11/Jan/2026 02:24:48] "GET /api/users/agents/ HTTP/1.1" 200 748
[11/Jan/2026 02:24:49] "GET /api/users/agents/ HTTP/1.1" 200 748
[11/Jan/2026 02:24:49] "GET /api/users/agents/ HTTP/1.1" 200 748
[11/Jan/2026 02:24:49] "GET /api/users/agents/ HTTP/1.1" 200 748
[11/Jan/2026 02:24:49] "GET /api/users/agents/ HTTP/1.1" 200 748
[11/Jan/2026 02:24:49] "GET /api/users/agents/ HTTP/1.1" 200 748
[11/Jan/2026 02:24:49] "GET /api/users/agents/ HTTP/1.1" 200 748
[11/Jan/2026 02:24:49] "GET /api/users/agents/ HTTP/1.1" 200 748
[11/Jan/2026 02:24:49] "GET /api/users/agents/ HTTP/1.1" 200 748
[11/Jan/2026 02:24:49] "GET /api/users/agents/ HTTP/1.1" 200 748
[11/Jan/2026 02:24:49] "GET /api/users/agents/ HTTP/1.1" 200 748
[11/Jan/2026 02:24:49] "GET /api/users/agents/ HTTP/1.1" 200 748
[11/Jan/2026 02:24:49] "GET /api/users/agents/ HTTP/1.1" 200 748
[11/Jan/2026 02:24:49] "GET /api/users/agents/ HTTP/1.1" 200 748
[11/Jan/2026 02:24:49] "GET /api/users/agents/ HTTP/1.1" 200 748
[11/Jan/2026 02:24:49] "GET /api/users/agents/ HTTP/1.1" 200 748
[11/Jan/2026 02:24:49] "GET /api/users/agents/ HTTP/1.1" 200 748
[11/Jan/2026 02:24:49] "GET /api/users/agents/ HTTP/1.1" 200 748
[11/Jan/2026 02:24:49] "GET /api/users/agents/ HTTP/1.1" 200 748
[11/Jan/2026 02:24:49] "GET /api/users/agents/ HTTP/1.1" 200 748
[11/Jan/2026 02:24:49] "GET /api/users/agents/ HTTP/1.1" 200 748
[11/Jan/2026 02:24:49] "GET /api/users/agents/ HTTP/1.1" 200 748
[11/Jan/2026 02:24:49] "GET /api/users/agents/ HTTP/1.1" 200 748
[11/Jan/2026 02:24:49] "GET /api/users/agents/ HTTP/1.1" 200 748
[11/Jan/2026 02:24:49] "GET /api/users/agents/ HTTP/1.1" 200 748
[11/Jan/2026 02:24:49] "GET /api/users/agents/ HTTP/1.1" 200 748
[11/Jan/2026 02:24:49] "GET /api/users/agents/ HTTP/1.1" 200 748
[11/Jan/2026 02:24:49] "GET /api/users/agents/ HTTP/1.1" 200 748
[11/Jan/2026 02:24:49] "GET /api/users/agents/ HTTP/1.1" 200 748
[11/Jan/2026 02:24:49] "GET /api/users/agents/ HTTP/1.1" 200 748
[11/Jan/2026 02:24:49] "GET /api/users/agents/ HTTP/1.1" 200 748
[11/Jan/2026 02:24:49] "GET /api/users/agents/ HTTP/1.1" 200 748
[11/Jan/2026 02:24:49] "GET /api/users/agents/ HTTP/1.1" 200 748
[11/Jan/2026 02:24:49] "GET /api/users/agents/ HTTP/1.1" 200 748
[11/Jan/2026 02:24:49] "GET /api/users/agents/ HTTP/1.1" 200 748
[11/Jan/2026 02:24:49] "GET /api/users/agents/ HTTP/1.1" 200 748
[11/Jan/2026 02:24:49] "GET /api/users/agents/ HTTP/1.1" 200 748
[11/Jan/2026 02:24:49] "GET /api/users/agents/ HTTP/1.1" 200 748
[11/Jan/2026 02:24:50] "GET /api/users/agents/ HTTP/1.1" 200 748
[11/Jan/2026 02:24:50] "GET /api/users/agents/ HTTP/1.1" 200 748
[11/Jan/2026 02:24:50] "GET /api/users/agents/ HTTP/1.1" 200 748
[11/Jan/2026 02:24:50] "GET /api/users/agents/ HTTP/1.1" 200 748
[11/Jan/2026 02:24:50] "GET /api/users/agents/ HTTP/1.1" 200 748
[11/Jan/2026 02:24:50] "GET /api/users/agents/ HTTP/1.1" 200 748
[11/Jan/2026 02:24:50] "GET /api/users/agents/ HTTP/1.1" 200 748
[11/Jan/2026 02:24:50] "GET /api/users/agents/ HTTP/1.1" 200 748
[11/Jan/2026 02:24:50] "GET /api/users/agents/ HTTP/1.1" 200 748
[11/Jan/2026 02:24:50] "GET /api/users/agents/ HTTP/1.1" 200 748
[11/Jan/2026 02:24:50] "GET /api/users/agents/ HTTP/1.1" 200 748
[11/Jan/2026 02:24:50] "GET /api/users/agents/ HTTP/1.1" 200 748
[11/Jan/2026 02:24:50] "GET /api/users/agents/ HTTP/1.1" 200 748
[11/Jan/2026 02:24:50] "GET /api/users/agents/ HTTP/1.1" 200 748
[11/Jan/2026 02:24:50] "GET /api/users/agents/ HTTP/1.1" 200 748
[11/Jan/2026 02:24:50] "GET /api/users/agents/ HTTP/1.1" 200 748
[11/Jan/2026 02:24:50] "GET /api/users/agents/ HTTP/1.1" 200 748
[11/Jan/2026 02:24:50] "GET /api/users/agents/ HTTP/1.1" 200 748
[11/Jan/2026 02:24:50] "GET /api/users/agents/ HTTP/1.1" 200 748
[11/Jan/2026 02:24:50] "GET /api/users/agents/ HTTP/1.1" 200 748
[11/Jan/2026 02:24:50] "GET /api/users/agents/ HTTP/1.1" 200 748
[11/Jan/2026 02:24:50] "GET /api/users/agents/ HTTP/1.1" 200 748
[11/Jan/2026 02:24:50] "GET /api/users/agents/ HTTP/1.1" 200 748
[11/Jan/2026 02:24:50] "GET /api/users/agents/ HTTP/1.1" 200 748
[11/Jan/2026 02:24:50] "GET /api/users/agents/ HTTP/1.1" 200 748
[11/Jan/2026 02:24:50] "GET /api/users/agents/ HTTP/1.1" 200 748
[11/Jan/2026 02:24:50] "GET /api/users/agents/ HTTP/1.1" 200 748
[11/Jan/2026 02:24:50] "GET /api/users/agents/ HTTP/1.1" 200 748
[11/Jan/2026 02:24:50] "GET /api/users/agents/ HTTP/1.1" 200 748
[11/Jan/2026 02:24:50] "GET /api/users/agents/ HTTP/1.1" 200 748
[11/Jan/2026 02:24:50] "GET /api/users/agents/ HTTP/1.1" 200 748
[11/Jan/2026 02:24:50] "GET /api/users/agents/ HTTP/1.1" 200 748
[11/Jan/2026 02:24:50] "GET /api/users/agents/ HTTP/1.1" 200 748
[11/Jan/2026 02:24:50] "GET /api/users/agents/ HTTP/1.1" 200 748
[11/Jan/2026 02:24:50] "GET /api/users/agents/ HTTP/1.1" 200 748
[11/Jan/2026 02:24:51] "GET /api/users/agents/ HTTP/1.1" 200 748
[11/Jan/2026 02:24:51] "GET /api/users/agents/ HTTP/1.1" 200 748
[11/Jan/2026 02:24:51] "GET /api/users/agents/ HTTP/1.1" 200 748
[11/Jan/2026 02:24:51] "GET /api/users/agents/ HTTP/1.1" 200 748
[11/Jan/2026 02:24:51] "GET /api/users/agents/ HTTP/1.1" 200 748
[11/Jan/2026 02:24:51] "GET /api/users/agents/ HTTP/1.1" 200 748
[11/Jan/2026 02:24:51] "GET /api/users/agents/ HTTP/1.1" 200 748
[11/Jan/2026 02:24:51] "GET /api/users/agents/ HTTP/1.1" 200 748
[11/Jan/2026 02:24:51] "GET /api/users/agents/ HTTP/1.1" 200 748
[11/Jan/2026 02:24:51] "GET /api/users/agents/ HTTP/1.1" 200 748
[11/Jan/2026 02:24:51] "GET /api/users/agents/ HTTP/1.1" 200 748
[11/Jan/2026 02:24:51] "GET /api/users/agents/ HTTP/1.1" 200 748
[11/Jan/2026 02:24:51] "GET /api/users/agents/ HTTP/1.1" 200 748
[11/Jan/2026 02:24:51] "GET /api/users/agents/ HTTP/1.1" 200 748
[11/Jan/2026 02:24:51] "GET /api/users/agents/ HTTP/1.1" 200 748
[11/Jan/2026 02:24:51] "GET /api/users/agents/ HTTP/1.1" 200 748
[11/Jan/2026 02:24:51] "GET /api/users/agents/ HTTP/1.1" 200 748
[11/Jan/2026 02:24:51] "GET /api/users/agents/ HTTP/1.1" 200 748
[11/Jan/2026 02:24:51] "GET /api/users/agents/ HTTP/1.1" 200 748
[11/Jan/2026 02:24:51] "GET /api/users/agents/ HTTP/1.1" 200 748
[11/Jan/2026 02:24:51] "GET /api/users/agents/ HTTP/1.1" 200 748
[11/Jan/2026 02:24:51] "GET /api/users/agents/ HTTP/1.1" 200 748
[11/Jan/2026 02:24:51] "GET /api/users/agents/ HTTP/1.1" 200 748
[11/Jan/2026 02:24:51] "GET /api/users/agents/ HTTP/1.1" 200 748
[11/Jan/2026 02:24:52] "GET /api/users/agents/ HTTP/1.1" 200 748
[11/Jan/2026 02:24:52] "GET /api/sales/livraisons/ HTTP/1.1" 200 156
[11/Jan/2026 02:24:52] "GET /api/sales/livraisons/ HTTP/1.1" 200 156
[11/Jan/2026 02:24:52] "GET /api/users/agents/ HTTP/1.1" 200 748
[11/Jan/2026 02:25:36] "GET /api/sales/livraisons/ HTTP/1.1" 200 156
[11/Jan/2026 02:25:36] "GET /api/users/agents/ HTTP/1.1" 200 748
[11/Jan/2026 02:25:36] "GET /api/sales/livraisons/ HTTP/1.1" 200 156
[11/Jan/2026 02:25:36] "GET /api/users/me/ HTTP/1.1" 200 151
[11/Jan/2026 02:25:36] "GET /api/users/agents/ HTTP/1.1" 200 748
[11/Jan/2026 02:25:36] "GET /api/users/me/ HTTP/1.1" 200 151
[11/Jan/2026 02:25:36] "GET /api/sales/livraisons/ HTTP/1.1" 200 156
[11/Jan/2026 02:25:36] "GET /api/users/agents/ HTTP/1.1" 200 748
[11/Jan/2026 02:25:57] "GET /api/users/agents/ HTTP/1.1" 200 748
[11/Jan/2026 02:25:57] "GET /api/sales/livraisons/ HTTP/1.1" 200 156
[11/Jan/2026 02:25:58] "GET /api/sales/livraisons/ HTTP/1.1" 200 156
[11/Jan/2026 02:25:58] "GET /api/users/me/ HTTP/1.1" 200 151
[11/Jan/2026 02:25:58] "GET /api/users/me/ HTTP/1.1" 200 151
[11/Jan/2026 02:25:58] "GET /api/sales/livraisons/ HTTP/1.1" 200 156
[11/Jan/2026 02:25:58] "GET /api/users/agents/ HTTP/1.1" 200 748
[11/Jan/2026 02:25:58] "GET /api/users/agents/ HTTP/1.1" 200 748
[11/Jan/2026 02:25:59] "GET /api/sales/livraisons/ HTTP/1.1" 200 156
[11/Jan/2026 02:25:59] "GET /api/users/agents/ HTTP/1.1" 200 748
[11/Jan/2026 02:26:00] "GET /api/users/me/ HTTP/1.1" 200 151
[11/Jan/2026 02:26:00] "GET /api/sales/livraisons/ HTTP/1.1" 200 156
[11/Jan/2026 02:26:00] "GET /api/users/me/ HTTP/1.1" 200 151
[11/Jan/2026 02:26:00] "GET /api/sales/livraisons/ HTTP/1.1" 200 156
[11/Jan/2026 02:26:00] "GET /api/users/agents/ HTTP/1.1" 200 748
[11/Jan/2026 02:26:00] "GET /api/users/agents/ HTTP/1.1" 200 748
[11/Jan/2026 02:26:19] "GET /api/sales/livraisons/ HTTP/1.1" 200 156
[11/Jan/2026 02:26:19] "GET /api/users/agents/ HTTP/1.1" 200 748
[11/Jan/2026 02:26:19] "GET /api/sales/livraisons/ HTTP/1.1" 200 156
[11/Jan/2026 02:26:19] "GET /api/sales/livraisons/ HTTP/1.1" 200 156
[11/Jan/2026 02:26:19] "GET /api/users/me/ HTTP/1.1" 200 151
[11/Jan/2026 02:26:19] "GET /api/users/agents/ HTTP/1.1" 200 748
[11/Jan/2026 02:26:19] "GET /api/users/agents/ HTTP/1.1" 200 748
[11/Jan/2026 02:26:19] "GET /api/users/me/ HTTP/1.1" 200 151
[11/Jan/2026 02:26:39] "GET /api/users/agents/ HTTP/1.1" 200 748
[11/Jan/2026 02:26:39] "GET /api/sales/commandes/ HTTP/1.1" 200 1290
[11/Jan/2026 02:26:39] "GET /api/users/agents/ HTTP/1.1" 200 748
[11/Jan/2026 02:26:39] "GET /api/sales/commandes/ HTTP/1.1" 200 1290
[11/Jan/2026 02:26:51] "GET /api/logistics/agents/locations/ HTTP/1.1" 200 2
[11/Jan/2026 02:26:56] "GET /api/logistics/agents/locations/ HTTP/1.1" 200 2
[11/Jan/2026 02:27:01] "GET /api/logistics/agents/locations/ HTTP/1.1" 200 2
[11/Jan/2026 02:27:06] "GET /api/logistics/agents/locations/ HTTP/1.1" 200 2
[11/Jan/2026 02:27:11] "GET /api/logistics/agents/locations/ HTTP/1.1" 200 2
[11/Jan/2026 02:27:14] "GET /api/logistics/agents/locations/ HTTP/1.1" 200 2
[11/Jan/2026 02:27:19] "GET /api/logistics/agents/locations/ HTTP/1.1" 200 2
[11/Jan/2026 02:27:25] "GET /api/logistics/agents/locations/ HTTP/1.1" 200 2
[11/Jan/2026 02:27:30] "GET /api/logistics/agents/locations/ HTTP/1.1" 200 2
[11/Jan/2026 02:27:35] "GET /api/logistics/agents/locations/ HTTP/1.1" 200 2
[11/Jan/2026 02:27:41] "GET /api/logistics/agents/locations/ HTTP/1.1" 200 2
[11/Jan/2026 02:27:46] "GET /api/logistics/agents/locations/ HTTP/1.1" 200 2
[11/Jan/2026 02:27:51] "GET /api/logistics/agents/locations/ HTTP/1.1" 200 2
[11/Jan/2026 02:27:56] "GET /api/logistics/agents/locations/ HTTP/1.1" 200 2
[11/Jan/2026 02:28:01] "GET /api/logistics/agents/locations/ HTTP/1.1" 200 2
[11/Jan/2026 02:28:06] "GET /api/logistics/agents/locations/ HTTP/1.1" 200 2
[11/Jan/2026 02:28:11] "GET /api/logistics/agents/locations/ HTTP/1.1" 200 2
[11/Jan/2026 02:28:16] "GET /api/logistics/agents/locations/ HTTP/1.1" 200 2
[11/Jan/2026 02:28:21] "GET /api/logistics/agents/locations/ HTTP/1.1" 200 2
[11/Jan/2026 02:28:26] "GET /api/logistics/agents/locations/ HTTP/1.1" 200 2
[11/Jan/2026 02:28:31] "GET /api/logistics/agents/locations/ HTTP/1.1" 200 2
[11/Jan/2026 02:29:41] "GET /api/users/me/ HTTP/1.1" 200 145
[11/Jan/2026 02:29:41] "GET /api/users/agents/ HTTP/1.1" 200 748
[11/Jan/2026 02:29:48] "GET /api/users/me/ HTTP/1.1" 200 145
[11/Jan/2026 02:29:48] "GET /api/sales/livraisons/ HTTP/1.1" 200 156
[11/Jan/2026 02:29:48] "GET /api/sales/commandes/?agent=13 HTTP/1.1" 200 772
[11/Jan/2026 02:29:48] "GET /api/sales/commandes/?statut=pending HTTP/1.1" 200 772
[11/Jan/2026 02:29:52] "PATCH /api/sales/livraisons/1/ HTTP/1.1" 200 154
[11/Jan/2026 02:29:52] "GET /api/users/me/ HTTP/1.1" 200 145
[11/Jan/2026 02:29:52] "GET /api/sales/livraisons/ HTTP/1.1" 200 156
[11/Jan/2026 02:29:52] "GET /api/sales/commandes/?agent=13 HTTP/1.1" 200 772
[11/Jan/2026 02:29:52] "GET /api/sales/commandes/?statut=pending HTTP/1.1" 200 772
[11/Jan/2026 02:30:04] "PATCH /api/sales/livraisons/1/ HTTP/1.1" 200 154
[11/Jan/2026 02:30:04] "GET /api/users/me/ HTTP/1.1" 200 145
[11/Jan/2026 02:30:04] "GET /api/sales/livraisons/ HTTP/1.1" 200 156
[11/Jan/2026 02:30:05] "GET /api/sales/commandes/?agent=13 HTTP/1.1" 200 772
[11/Jan/2026 02:30:05] "GET /api/sales/commandes/?statut=pending HTTP/1.1" 200 772
[11/Jan/2026 02:30:42] "GET /api/sales/livraisons/ HTTP/1.1" 200 156
[11/Jan/2026 02:30:42] "GET /api/users/agents/ HTTP/1.1" 200 748
[11/Jan/2026 02:30:42] "GET /api/sales/livraisons/ HTTP/1.1" 200 156
[11/Jan/2026 02:30:42] "GET /api/users/agents/ HTTP/1.1" 200 748
/home/vladmir/Documents/Projet_py/backend/apps/sales/models.py changed, reloading.
Performing system checks...

System check identified no issues (0 silenced).
January 11, 2026 - 02:18:51
Django version 5.1.4, using settings 'core.settings'
Starting development server at http://0.0.0.0:8000/
Quit the server with CONTROL-C.

Watching for file changes with StatReloader
/home/vladmir/Documents/Projet_py/backend/apps/sales/views.py changed, reloading.
Performing system checks...

System check identified no issues (0 silenced).
January 11, 2026 - 02:33:54
Django version 5.1.4, using settings 'core.settings'
Starting development server at http://0.0.0.0:8000/
Quit the server with CONTROL-C.

Watching for file changes with StatReloader
