ERROR 2026-01-23 11:42:57,325 services 10 140372466456256 WebSocket notification failed: Error 111 connecting to localhost:6379. Connection refused.
Traceback (most recent call last):
  File "/usr/local/lib/python3.11/site-packages/redis/asyncio/connection.py", line 307, in connect_check_health
    await self.retry.call_with_retry(
  File "/usr/local/lib/python3.11/site-packages/redis/asyncio/retry.py", line 50, in call_with_retry
    return await do()
           ^^^^^^^^^^
  File "/usr/local/lib/python3.11/site-packages/redis/asyncio/connection.py", line 768, in _connect
    reader, writer = await asyncio.open_connection(
                     ^^^^^^^^^^^^^^^^^^^^^^^^^^^^^^
  File "/usr/local/lib/python3.11/asyncio/streams.py", line 48, in open_connection
    transport, _ = await loop.create_connection(
                   ^^^^^^^^^^^^^^^^^^^^^^^^^^^^^
  File "uvloop/loop.pyx", line 2043, in create_connection
  File "uvloop/loop.pyx", line 2020, in uvloop.loop.Loop.create_connection
ConnectionRefusedError: [Errno 111] Connection refused

During handling of the above exception, another exception occurred:

Traceback (most recent call last):
  File "/app/apps/sales/services.py", line 92, in assign_agent_to_command
    async_to_sync(channel_layer.group_send)(
  File "/usr/local/lib/python3.11/site-packages/asgiref/sync.py", line 325, in __call__
    return call_result.result()
           ^^^^^^^^^^^^^^^^^^^^
  File "/usr/local/lib/python3.11/concurrent/futures/_base.py", line 449, in result
    return self.__get_result()
           ^^^^^^^^^^^^^^^^^^^
  File "/usr/local/lib/python3.11/concurrent/futures/_base.py", line 401, in __get_result
    raise self._exception
  File "/usr/local/lib/python3.11/site-packages/asgiref/sync.py", line 365, in main_wrap
    result = await awaitable
             ^^^^^^^^^^^^^^^
  File "/usr/local/lib/python3.11/site-packages/channels_redis/core.py", line 516, in group_send
    await connection.zremrangebyscore(
  File "/usr/local/lib/python3.11/site-packages/redis/asyncio/client.py", line 720, in execute_command
    conn = self.connection or await pool.get_connection()
                              ^^^^^^^^^^^^^^^^^^^^^^^^^^^
  File "/usr/local/lib/python3.11/site-packages/redis/asyncio/connection.py", line 1198, in get_connection
    await self.ensure_connection(connection)
  File "/usr/local/lib/python3.11/site-packages/redis/asyncio/connection.py", line 1231, in ensure_connection
    await connection.connect()
  File "/usr/local/lib/python3.11/site-packages/redis/asyncio/connection.py", line 298, in connect
    await self.connect_check_health(check_health=True)
  File "/usr/local/lib/python3.11/site-packages/redis/asyncio/connection.py", line 317, in connect_check_health
    raise ConnectionError(self._error_message(e))
redis.exceptions.ConnectionError: Error 111 connecting to localhost:6379. Connection refused.
ERROR 2026-01-23 16:03:55,361 services 1294 140372473800384 WebSocket notification failed: Error 111 connecting to localhost:6379. Connection refused.
Traceback (most recent call last):
  File "/usr/local/lib/python3.11/site-packages/redis/asyncio/connection.py", line 307, in connect_check_health
    await self.retry.call_with_retry(
  File "/usr/local/lib/python3.11/site-packages/redis/asyncio/retry.py", line 50, in call_with_retry
    return await do()
           ^^^^^^^^^^
  File "/usr/local/lib/python3.11/site-packages/redis/asyncio/connection.py", line 768, in _connect
    reader, writer = await asyncio.open_connection(
                     ^^^^^^^^^^^^^^^^^^^^^^^^^^^^^^
  File "/usr/local/lib/python3.11/asyncio/streams.py", line 48, in open_connection
    transport, _ = await loop.create_connection(
                   ^^^^^^^^^^^^^^^^^^^^^^^^^^^^^
  File "uvloop/loop.pyx", line 2043, in create_connection
  File "uvloop/loop.pyx", line 2020, in uvloop.loop.Loop.create_connection
ConnectionRefusedError: [Errno 111] Connection refused

During handling of the above exception, another exception occurred:

Traceback (most recent call last):
  File "/app/apps/sales/services.py", line 92, in assign_agent_to_command
    async_to_sync(channel_layer.group_send)(
  File "/usr/local/lib/python3.11/site-packages/asgiref/sync.py", line 325, in __call__
    return call_result.result()
           ^^^^^^^^^^^^^^^^^^^^
  File "/usr/local/lib/python3.11/concurrent/futures/_base.py", line 449, in result
    return self.__get_result()
           ^^^^^^^^^^^^^^^^^^^
  File "/usr/local/lib/python3.11/concurrent/futures/_base.py", line 401, in __get_result
    raise self._exception
  File "/usr/local/lib/python3.11/site-packages/asgiref/sync.py", line 365, in main_wrap
    result = await awaitable
             ^^^^^^^^^^^^^^^
  File "/usr/local/lib/python3.11/site-packages/channels_redis/core.py", line 516, in group_send
    await connection.zremrangebyscore(
  File "/usr/local/lib/python3.11/site-packages/redis/asyncio/client.py", line 720, in execute_command
    conn = self.connection or await pool.get_connection()
                              ^^^^^^^^^^^^^^^^^^^^^^^^^^^
  File "/usr/local/lib/python3.11/site-packages/redis/asyncio/connection.py", line 1198, in get_connection
    await self.ensure_connection(connection)
  File "/usr/local/lib/python3.11/site-packages/redis/asyncio/connection.py", line 1231, in ensure_connection
    await connection.connect()
  File "/usr/local/lib/python3.11/site-packages/redis/asyncio/connection.py", line 298, in connect
    await self.connect_check_health(check_health=True)
  File "/usr/local/lib/python3.11/site-packages/redis/asyncio/connection.py", line 317, in connect_check_health
    raise ConnectionError(self._error_message(e))
redis.exceptions.ConnectionError: Error 111 connecting to localhost:6379. Connection refused.
ERROR 2026-01-27 10:51:03,163 signals 3320 22824 Failed to send push for commande assigned 1
Traceback (most recent call last):
  File "C:\Users\komla\AppData\Roaming\Python\Python313\site-packages\django\db\models\fields\related_descriptors.py", line 516, in __get__
    rel_obj = self.related.get_cached_value(instance)
  File "C:\Users\komla\AppData\Roaming\Python\Python313\site-packages\django\db\models\fields\mixins.py", line 37, in get_cached_value
    return instance._state.fields_cache[self.cache_name]
           ~~~~~~~~~~~~~~~~~~~~~~~~~~~~^^^^^^^^^^^^^^^^^
KeyError: 'preferences'

During handling of the above exception, another exception occurred:

Traceback (most recent call last):
  File "C:\Users\komla\AppData\Roaming\Python\Python313\site-packages\django\db\backends\utils.py", line 105, in _execute
    return self.cursor.execute(sql, params)
           ~~~~~~~~~~~~~~~~~~~^^^^^^^^^^^^^
  File "C:\Users\komla\AppData\Roaming\Python\Python313\site-packages\django\db\backends\sqlite3\base.py", line 360, in execute
    return super().execute(query, params)
           ~~~~~~~~~~~~~~~^^^^^^^^^^^^^^^
sqlite3.OperationalError: no such column: users_userpreferences.fcm_token

The above exception was the direct cause of the following exception:

Traceback (most recent call last):
  File "c:\ProjetIAI\essivi-backend\apps\sales\signals.py", line 31, in sales_post_save
    token = getattr(instance.agent.preferences, 'fcm_token', None)
                    ^^^^^^^^^^^^^^^^^^^^^^^^^^
  File "C:\Users\komla\AppData\Roaming\Python\Python313\site-packages\django\db\models\fields\related_descriptors.py", line 523, in __get__
    rel_obj = self.get_queryset(instance=instance).get(**filter_args)
  File "C:\Users\komla\AppData\Roaming\Python\Python313\site-packages\django\db\models\query.py", line 631, in get
    num = len(clone)
  File "C:\Users\komla\AppData\Roaming\Python\Python313\site-packages\django\db\models\query.py", line 368, in __len__
    self._fetch_all()
    ~~~~~~~~~~~~~~~^^
  File "C:\Users\komla\AppData\Roaming\Python\Python313\site-packages\django\db\models\query.py", line 1954, in _fetch_all
    self._result_cache = list(self._iterable_class(self))
                         ~~~~^^^^^^^^^^^^^^^^^^^^^^^^^^^^
  File "C:\Users\komla\AppData\Roaming\Python\Python313\site-packages\django\db\models\query.py", line 93, in __iter__
    results = compiler.execute_sql(
        chunked_fetch=self.chunked_fetch, chunk_size=self.chunk_size
    )
  File "C:\Users\komla\AppData\Roaming\Python\Python313\site-packages\django\db\models\sql\compiler.py", line 1623, in execute_sql
    cursor.execute(sql, params)
    ~~~~~~~~~~~~~~^^^^^^^^^^^^^
  File "C:\Users\komla\AppData\Roaming\Python\Python313\site-packages\django\db\backends\utils.py", line 79, in execute
    return self._execute_with_wrappers(
           ~~~~~~~~~~~~~~~~~~~~~~~~~~~^
        sql, params, many=False, executor=self._execute
        ^^^^^^^^^^^^^^^^^^^^^^^^^^^^^^^^^^^^^^^^^^^^^^^
    )
    ^
  File "C:\Users\komla\AppData\Roaming\Python\Python313\site-packages\django\db\backends\utils.py", line 92, in _execute_with_wrappers
    return executor(sql, params, many, context)
  File "C:\Users\komla\AppData\Roaming\Python\Python313\site-packages\django\db\backends\utils.py", line 100, in _execute
    with self.db.wrap_database_errors:
         ^^^^^^^^^^^^^^^^^^^^^^^^^^^^
  File "C:\Users\komla\AppData\Roaming\Python\Python313\site-packages\django\db\utils.py", line 91, in __exit__
    raise dj_exc_value.with_traceback(traceback) from exc_value
  File "C:\Users\komla\AppData\Roaming\Python\Python313\site-packages\django\db\backends\utils.py", line 105, in _execute
    return self.cursor.execute(sql, params)
           ~~~~~~~~~~~~~~~~~~~^^^^^^^^^^^^^
  File "C:\Users\komla\AppData\Roaming\Python\Python313\site-packages\django\db\backends\sqlite3\base.py", line 360, in execute
    return super().execute(query, params)
           ~~~~~~~~~~~~~~~^^^^^^^^^^^^^^^
django.db.utils.OperationalError: no such column: users_userpreferences.fcm_token
ERROR 2026-01-27 10:51:03,407 signals 3320 22824 Failed to send push for commande delivered 1
Traceback (most recent call last):
  File "C:\Users\komla\AppData\Roaming\Python\Python313\site-packages\django\db\models\fields\related_descriptors.py", line 516, in __get__
    rel_obj = self.related.get_cached_value(instance)
  File "C:\Users\komla\AppData\Roaming\Python\Python313\site-packages\django\db\models\fields\mixins.py", line 37, in get_cached_value
    return instance._state.fields_cache[self.cache_name]
           ~~~~~~~~~~~~~~~~~~~~~~~~~~~~^^^^^^^^^^^^^^^^^
KeyError: 'preferences'

During handling of the above exception, another exception occurred:

Traceback (most recent call last):
  File "C:\Users\komla\AppData\Roaming\Python\Python313\site-packages\django\db\backends\utils.py", line 105, in _execute
    return self.cursor.execute(sql, params)
           ~~~~~~~~~~~~~~~~~~~^^^^^^^^^^^^^
  File "C:\Users\komla\AppData\Roaming\Python\Python313\site-packages\django\db\backends\sqlite3\base.py", line 360, in execute
    return super().execute(query, params)
           ~~~~~~~~~~~~~~~^^^^^^^^^^^^^^^
sqlite3.OperationalError: no such column: users_userpreferences.fcm_token

The above exception was the direct cause of the following exception:

Traceback (most recent call last):
  File "c:\ProjetIAI\essivi-backend\apps\sales\signals.py", line 46, in sales_post_save
    token = getattr(instance.client.preferences, 'fcm_token', None)
                    ^^^^^^^^^^^^^^^^^^^^^^^^^^^
  File "C:\Users\komla\AppData\Roaming\Python\Python313\site-packages\django\db\models\fields\related_descriptors.py", line 523, in __get__
    rel_obj = self.get_queryset(instance=instance).get(**filter_args)
  File "C:\Users\komla\AppData\Roaming\Python\Python313\site-packages\django\db\models\query.py", line 631, in get
    num = len(clone)
  File "C:\Users\komla\AppData\Roaming\Python\Python313\site-packages\django\db\models\query.py", line 368, in __len__
    self._fetch_all()
    ~~~~~~~~~~~~~~~^^
  File "C:\Users\komla\AppData\Roaming\Python\Python313\site-packages\django\db\models\query.py", line 1954, in _fetch_all
    self._result_cache = list(self._iterable_class(self))
                         ~~~~^^^^^^^^^^^^^^^^^^^^^^^^^^^^
  File "C:\Users\komla\AppData\Roaming\Python\Python313\site-packages\django\db\models\query.py", line 93, in __iter__
    results = compiler.execute_sql(
        chunked_fetch=self.chunked_fetch, chunk_size=self.chunk_size
    )
  File "C:\Users\komla\AppData\Roaming\Python\Python313\site-packages\django\db\models\sql\compiler.py", line 1623, in execute_sql
    cursor.execute(sql, params)
    ~~~~~~~~~~~~~~^^^^^^^^^^^^^
  File "C:\Users\komla\AppData\Roaming\Python\Python313\site-packages\django\db\backends\utils.py", line 79, in execute
    return self._execute_with_wrappers(
           ~~~~~~~~~~~~~~~~~~~~~~~~~~~^
        sql, params, many=False, executor=self._execute
        ^^^^^^^^^^^^^^^^^^^^^^^^^^^^^^^^^^^^^^^^^^^^^^^
    )
    ^
  File "C:\Users\komla\AppData\Roaming\Python\Python313\site-packages\django\db\backends\utils.py", line 92, in _execute_with_wrappers
    return executor(sql, params, many, context)
  File "C:\Users\komla\AppData\Roaming\Python\Python313\site-packages\django\db\backends\utils.py", line 100, in _execute
    with self.db.wrap_database_errors:
         ^^^^^^^^^^^^^^^^^^^^^^^^^^^^
  File "C:\Users\komla\AppData\Roaming\Python\Python313\site-packages\django\db\utils.py", line 91, in __exit__
    raise dj_exc_value.with_traceback(traceback) from exc_value
  File "C:\Users\komla\AppData\Roaming\Python\Python313\site-packages\django\db\backends\utils.py", line 105, in _execute
    return self.cursor.execute(sql, params)
           ~~~~~~~~~~~~~~~~~~~^^^^^^^^^^^^^
  File "C:\Users\komla\AppData\Roaming\Python\Python313\site-packages\django\db\backends\sqlite3\base.py", line 360, in execute
    return super().execute(query, params)
           ~~~~~~~~~~~~~~~^^^^^^^^^^^^^^^
django.db.utils.OperationalError: no such column: users_userpreferences.fcm_token
ERROR 2026-01-27 10:52:04,715 signals 22632 19084 Failed to send push for commande assigned 1
Traceback (most recent call last):
  File "c:\ProjetIAI\essivi-backend\apps\sales\signals.py", line 31, in sales_post_save
    token = getattr(instance.agent.preferences, 'fcm_token', None)
                    ^^^^^^^^^^^^^^^^^^^^^^^^^^
  File "C:\Users\komla\AppData\Roaming\Python\Python313\site-packages\django\db\models\fields\related_descriptors.py", line 534, in __get__
    raise self.RelatedObjectDoesNotExist(
    ...<2 lines>...
    )
apps.users.models.CustomUser.preferences.RelatedObjectDoesNotExist: CustomUser has no preferences.
ERROR 2026-01-27 10:52:04,718 signals 22632 19084 Failed to send push for commande delivered 1
Traceback (most recent call last):
  File "c:\ProjetIAI\essivi-backend\apps\sales\signals.py", line 46, in sales_post_save
    token = getattr(instance.client.preferences, 'fcm_token', None)
                    ^^^^^^^^^^^^^^^^^^^^^^^^^^^
  File "C:\Users\komla\AppData\Roaming\Python\Python313\site-packages\django\db\models\fields\related_descriptors.py", line 534, in __get__
    raise self.RelatedObjectDoesNotExist(
    ...<2 lines>...
    )
apps.users.models.CustomUser.preferences.RelatedObjectDoesNotExist: CustomUser has no preferences.
